// Jest Snapshot v1, https://goo.gl/fbAQLP

exports[`<Box /> background color is correct 1`] = `
.c0 {
  background-color: transparent;
}

<div
  className="c0"
/>
`;
